// Jest Snapshot v1, https://goo.gl/fbAQLP

exports[`MessageList.vue should has the expected html structure 1`] = `
<ul>
  <li
    class="message"
    style="margin-top: 10px;"
  >
    <span>
      New Msg1
    </span>
     
    <span
      style="padding-left: 8px;"
    >
      1gsM weN
    </span>
  </li>
  <li
    class="message"
    style="margin-top: 10px;"
  >
    <span>
      New Msg2
    </span>
     
    <span
      style="padding-left: 8px;"
    >
      2gsM weN
    </span>
  </li>
</ul>
`;
